// Vitest Snapshot v1, https://vitest.dev/guide/snapshot.html

exports[`Toc > should render component 1`] = ``;
