// Vitest Snapshot v1, https://vitest.dev/guide/snapshot.html

exports[`Footer > should render 1`] = `
<footer>
  <div
    class="copyright text-center p-4"
  >
     Â© 2025 Jose Chirivella. All rights reserved. 
  </div>
</footer>
`;
