// Vitest Snapshot v1, https://vitest.dev/guide/snapshot.html

exports[`Nav > should render component 1`] = `
<nav
  class="w-full sticky top-0"
>
  <div
    class="container mx-auto p-4 lg:flex"
  >
    <div
      class="w-full relative flex justify-between items-center lg:w-auto lg:static lg:block lg:justify-start"
    >
      <nuxt-link-stub
        class="text-lg font-bold leading-relaxed inline-block mr-4 py-2 whitespace-nowrap"
        to="/"
      />
      <button
        class="cursor-pointer text-xl leading-none px-3 py-1 rounded bg-transparent block lg:hidden outline-none focus:outline-none"
        type="button"
      >
        <nuxt-icon-stub
          color="white"
          name="ci:hamburger-md"
        />
      </button>
    </div>
    <div
      class="hidden lg:flex lg:flex-grow items-center"
    >
      <ul
        class="flex flex-col lg:flex-row list-none lg:ml-auto"
      >
        
        <li
          class="nav-item"
        >
          <nuxt-link-stub
            class="px-3 py-2 flex items-center text-lg font-bold leading-snug"
            to="/"
          />
        </li>
        <li
          class="nav-item"
        >
          <nuxt-link-stub
            class="px-3 py-2 flex items-center text-lg font-bold leading-snug"
            to="/about"
          />
        </li>
        <li
          class="nav-item"
        >
          <nuxt-link-stub
            class="px-3 py-2 flex items-center text-lg font-bold leading-snug"
            to="/blog"
          />
        </li>
        <li
          class="nav-item"
        >
          <nuxt-link-stub
            class="px-3 py-2 flex items-center text-lg font-bold leading-snug"
            target="_blank"
            to="https://storage.googleapis.com/portfolio-assets/resume/ResumeJose.pdf"
          />
        </li>
        
      </ul>
    </div>
  </div>
</nav>
`;
